

C:\Users\YocH-Dell\Desktop\EA_helper\MQL5\Experts\EA_Helper\WidwaPa_Assistant.mq5 : information: compiling C:\Users\YocH-Dell\Desktop\EA_helper\MQL5\Experts\EA_Helper\WidwaPa_Assistant.mq5
C:\Users\YocH-Dell\Desktop\EA_helper\MQL5\Experts\EA_Helper\WidwaPa_Assistant.mq5 : information: including C:\Users\YocH-Dell\AppData\Roaming\MetaQuotes\Terminal\D0E8209F77C8CF37AD8BF550E51FF075\MQL5\Include\EA_Helper\Definitions.mqh
C:\Users\YocH-Dell\Desktop\EA_helper\MQL5\Experts\EA_Helper\WidwaPa_Assistant.mq5 : information: including C:\Users\YocH-Dell\AppData\Roaming\MetaQuotes\Terminal\D0E8209F77C8CF37AD8BF550E51FF075\MQL5\Include\EA_Helper\SignalEngine.mqh
C:\Users\YocH-Dell\Desktop\EA_helper\MQL5\Experts\EA_Helper\WidwaPa_Assistant.mq5 : information: including C:\Users\YocH-Dell\AppData\Roaming\MetaQuotes\Terminal\D0E8209F77C8CF37AD8BF550E51FF075\MQL5\Include\EA_Helper\TradeManager.mqh
C:\Users\YocH-Dell\AppData\Roaming\MetaQuotes\Terminal\D0E8209F77C8CF37AD8BF550E51FF075\MQL5\Include\EA_Helper\TradeManager.mqh : information: including C:\Users\YocH-Dell\AppData\Roaming\MetaQuotes\Terminal\D0E8209F77C8CF37AD8BF550E51FF075\MQL5\Include\Trade\Trade.mqh
C:\Users\YocH-Dell\AppData\Roaming\MetaQuotes\Terminal\D0E8209F77C8CF37AD8BF550E51FF075\MQL5\Include\Trade\Trade.mqh : information: including C:\Users\YocH-Dell\AppData\Roaming\MetaQuotes\Terminal\D0E8209F77C8CF37AD8BF550E51FF075\MQL5\Include\Object.mqh
C:\Users\YocH-Dell\AppData\Roaming\MetaQuotes\Terminal\D0E8209F77C8CF37AD8BF550E51FF075\MQL5\Include\Object.mqh : information: including C:\Users\YocH-Dell\AppData\Roaming\MetaQuotes\Terminal\D0E8209F77C8CF37AD8BF550E51FF075\MQL5\Include\StdLibErr.mqh
C:\Users\YocH-Dell\AppData\Roaming\MetaQuotes\Terminal\D0E8209F77C8CF37AD8BF550E51FF075\MQL5\Include\Trade\Trade.mqh : information: including C:\Users\YocH-Dell\AppData\Roaming\MetaQuotes\Terminal\D0E8209F77C8CF37AD8BF550E51FF075\MQL5\Include\Trade\OrderInfo.mqh
C:\Users\YocH-Dell\AppData\Roaming\MetaQuotes\Terminal\D0E8209F77C8CF37AD8BF550E51FF075\MQL5\Include\Trade\Trade.mqh : information: including C:\Users\YocH-Dell\AppData\Roaming\MetaQuotes\Terminal\D0E8209F77C8CF37AD8BF550E51FF075\MQL5\Include\Trade\HistoryOrderInfo.mqh
C:\Users\YocH-Dell\AppData\Roaming\MetaQuotes\Terminal\D0E8209F77C8CF37AD8BF550E51FF075\MQL5\Include\Trade\Trade.mqh : information: including C:\Users\YocH-Dell\AppData\Roaming\MetaQuotes\Terminal\D0E8209F77C8CF37AD8BF550E51FF075\MQL5\Include\Trade\PositionInfo.mqh
C:\Users\YocH-Dell\AppData\Roaming\MetaQuotes\Terminal\D0E8209F77C8CF37AD8BF550E51FF075\MQL5\Include\Trade\Trade.mqh : information: including C:\Users\YocH-Dell\AppData\Roaming\MetaQuotes\Terminal\D0E8209F77C8CF37AD8BF550E51FF075\MQL5\Include\Trade\DealInfo.mqh
C:\Users\YocH-Dell\Desktop\EA_helper\MQL5\Experts\EA_Helper\WidwaPa_Assistant.mq5 : information: including C:\Users\YocH-Dell\AppData\Roaming\MetaQuotes\Terminal\D0E8209F77C8CF37AD8BF550E51FF075\MQL5\Include\EA_Helper\DashboardPanel.mqh
C:\Users\YocH-Dell\Desktop\EA_helper\MQL5\Experts\EA_Helper\WidwaPa_Assistant.mq5 : information: including C:\Users\YocH-Dell\AppData\Roaming\MetaQuotes\Terminal\D0E8209F77C8CF37AD8BF550E51FF075\MQL5\Include\EA_Helper\ChartZones.mqh
C:\Users\YocH-Dell\AppData\Roaming\MetaQuotes\Terminal\D0E8209F77C8CF37AD8BF550E51FF075\MQL5\Include\EA_Helper\DashboardPanel.mqh(386,4) : error 149: 'ChartRedraw' - unexpected token, probably type is missing?
C:\Users\YocH-Dell\AppData\Roaming\MetaQuotes\Terminal\D0E8209F77C8CF37AD8BF550E51FF075\MQL5\Include\EA_Helper\DashboardPanel.mqh(386,16) : error 116: declaration without type
C:\Users\YocH-Dell\AppData\Roaming\MetaQuotes\Terminal\D0E8209F77C8CF37AD8BF550E51FF075\MQL5\Include\EA_Helper\DashboardPanel.mqh(386,4) : warning 46: no #import declaration
C:\Users\YocH-Dell\AppData\Roaming\MetaQuotes\Terminal\D0E8209F77C8CF37AD8BF550E51FF075\MQL5\Include\EA_Helper\DashboardPanel.mqh(387,1) : error 175: '}' - expressions are not allowed on a global scope
Result: 3 errors, 1 warnings
